// Jest Snapshot v1, https://goo.gl/fbAQLP

exports[`should render the home page properly 1`] = `undefined`;
